[backblue.gif]
[fade.gif]
[index.html]
[external.html]
[www.superspoof.com/images/bg.gif]
[www.superspoof.com/images/logo.gif]
[www.superspoof.com/images/topbanner_01.gif]
[www.superspoof.com/images/topbanner_02.gif]
[www.superspoof.com/images/bg_pg.gif]
[www.superspoof.com/index.html]
[www.superspoof.com/news/index.html]
[www.superspoof.com/vic20/vic20.jpg]
[www.superspoof.com/email/index.html]
[www.superspoof.com/images/hr_top.gif]
[www.superspoof.com/design/index.html]
[www.superspoof.com/movies/index.html]
[www.superspoof.com/ecard/index.html]
[www.superspoof.com/art/index.html]
[www.superspoof.com/grog/index.html]
[www.superspoof.com/bushwar/index.html]
[www.superspoof.com/campbell/index.html]
[www.superspoof.com/vegas/index.html]
[www.superspoof.com/ocanada/index.html]
[www.superspoof.com/penguin/index.html]
[www.superspoof.com/images/canuck.gif]
[www.superspoof.com/napster/index.html]
[www.superspoof.com/blair/index.html]
[www.superspoof.com/007/index.html]
[www.superspoof.com/membership.html]
[www.superspoof.com/jobs.html]
[www.superspoof.com/about.html]
[www.superspoof.com/mailbag.html]
[www.superspoof.com/links/index.html]
[www.superspoof.com/news/story-0032.html]
[pagead2.googlesyndication.com/pagead/show_ads.js]
[www.superspoof.com/images/hr_bot.gif]
[www.superspoof.com/news/infocus.html]
[www.superspoof.com/images/bcbnews.jpg]
[www.superspoof.com/news/story-0031.html]
[www.superspoof.com/008000.html]
[pagead2.googlesyndication.com/pagead/show_ads.js]
[www.superspoof.com/news/archive.html]
[www.superspoof.com/news/story-0030.html]
[www.superspoof.com/news/story-0028.html]
[www.superspoof.com/news/story-0027.html]
[www.superspoof.com/news/story-0026.html]
[www.superspoof.com/news/story-0025.html]
[www.superspoof.com/news/story-0021.html]
[www.superspoof.com/news/story-0029.html]
[www.superspoof.com/news/story-0024.html]
[www.superspoof.com/news/story-0020.html]
[www.superspoof.com/email/iraq.html]
[www.superspoof.com/email/capitalism.html]
[www.superspoof.com/email/americans.html]
[www.superspoof.com/email/eu-mock.html]
[www.superspoof.com/email/noahincanada.html]
[www.superspoof.com/email/greattruths.html]
[www.superspoof.com/email/mancode.html]
[www.superspoof.com/email/heartwarm.html]
[www.superspoof.com/email/rules.html]
[www.superspoof.com/email/darkstorm.html]
[www.superspoof.com/email/heaven.html]
[www.superspoof.com/email/wife.html]
[www.superspoof.com/email/shit.html]
[www.superspoof.com/email/slapped.html]
[www.superspoof.com/email/spam.html]
[www.superspoof.com/email/puntabulous.html]
[www.superspoof.com/email/driver.html]
[www.superspoof.com/email/doughboy.html]
[www.superspoof.com/ecard/rooster.jpg]
[www.superspoof.com/ecard/housewife.jpg]
[www.superspoof.com/art/ontario.jpg]
[www.superspoof.com/art/ipatch.gif]
[www.superspoof.com/email/chinese.html]
[www.superspoof.com/email/products.html]
[www.superspoof.com/email/008000.html]
[www.superspoof.com/design/008000.html]
[www.superspoof.com/movies/008000.html]
[www.superspoof.com/art/sushi.jpg]
[www.superspoof.com/art/self-portrait.jpg]
[www.superspoof.com/art/spoof.swf]
[www.superspoof.com/grog/grogz-werld.gif]
[www.superspoof.com/bushwar/bushiban.jpg]
[www.superspoof.com/bushwar/chirac_moore.jpg]
[www.superspoof.com/bushwar/pic03602.jpg]
[www.superspoof.com/bushwar/TheUN.jpg]
[www.superspoof.com/bushwar/pic06359.jpg]
[www.superspoof.com/bushwar/dixie saddam.jpg]
[www.superspoof.com/grog/grog2.html]
[www.superspoof.com/bushwar/pic17410.jpg]
[www.superspoof.com/bushwar/Concord.jpg]
[www.superspoof.com/bushwar/pic21548.jpg]
[www.superspoof.com/bushwar/chiracsings.jpg]
[www.superspoof.com/bushwar/pic27595.jpg]
[www.superspoof.com/campbell/anewera.jpg]
[www.superspoof.com/campbell/meanspirited.jpg]
[www.superspoof.com/campbell/protest.jpg]
[www.superspoof.com/campbell/mastercard.jpg]
[www.superspoof.com/campbell/ale.jpg]
[www.superspoof.com/campbell/wine.jpg]
[www.superspoof.com/vegas/telaviva.gif]
[www.superspoof.com/vegas/rabbi.jpg]
[www.superspoof.com/ocanada/flag.jpg]
[www.superspoof.com/penguin/deathrow.jpg]
[www.paypal.com/images/x-click-but04.gif]
[www.superspoof.com/napster/napster.jpg]
[www.superspoof.com/blair/head.jpg]
[www.superspoof.com/blair/sandwich.jpg]
[www.superspoof.com/vegas/themepark.html]
[www.superspoof.com/vegas/index-2.html]
[www.superspoof.com/ocanada/008000.html]
[www.superspoof.com/home.html]
[www.superspoof.com/napster/008000.html]
[www.superspoof.com/blair/interview.html]
[www.superspoof.com/blair/artery.html]
[www.superspoof.com/blair/milk.html]
[www.superspoof.com/blair/thecar.html]
[www.superspoof.com/blair/joshmarilyn.html]
[www.superspoof.com/blair/blood.html]
[www.superspoof.com/blair/fame.html]
[www.superspoof.com/blair/sorry.gif]
[www.superspoof.com/blair/link.html]
[www.superspoof.com/blair/truth.gif]
[www.gamenet.ca/images/banner.gif]
[www.superspoof.com/images/carsales.jpg]
[www.superspoof.com/images/oldlady.gif]
[www.superspoof.com/links/www_wilwheaton_net.gif]
[www.superspoof.com/007/008000.html]
[www.superspoof.com/links/onionlink1098.gif]
[www.superspoof.com/news/martin2.jpg]
[www.superspoof.com/links/banner.gif]
[www.superspoof.com/news/tshirt.jpg]
[www.superspoof.com/news/story-0023.html]
[www.superspoof.com/news/story-0022.html]
[www.superspoof.com/news/story-0019.html]
[www.superspoof.com/news/story-0018.html]
[www.superspoof.com/news/story-0017.html]
[www.superspoof.com/news/story-0016.html]
[www.superspoof.com/news/story-0015.html]
[www.superspoof.com/news/story-0014.html]
[www.superspoof.com/news/story-0013.html]
[www.superspoof.com/news/story-0012.html]
[www.superspoof.com/news/story-0011.html]
[www.superspoof.com/news/story-0010.html]
[www.superspoof.com/news/story-0009.html]
[www.superspoof.com/news/story-0008.html]
[www.superspoof.com/news/story-0007.html]
[www.superspoof.com/news/story-0006.html]
[www.superspoof.com/news/story-0005.html]
[www.superspoof.com/news/story-0004.html]
[www.superspoof.com/news/billgraham.jpg]
[www.superspoof.com/news/story-0003.html]
[www.superspoof.com/news/jlo.jpg]
[www.superspoof.com/news/story-0002.html]
[www.superspoof.com/news/chretien.jpg]
[www.superspoof.com/news/story-0001.html]
[www.superspoof.com/news/martin.jpg]
[www.superspoof.com/news/yoda.jpg]
[www.superspoof.com/news/lavigne.jpg]
[cache.dictionary.com/dictionary/graphics/AHD4/GIF/omacr.gif]
[cache.dictionary.com/dictionary/graphics/AHD4/GIF/prime.gif]
[cache.dictionary.com/dictionary/graphics/AHD4/GIF/emacr.gif]
[www.superspoof.com/news/satan.jpg]
[www.superspoof.com/news/protest.jpg]
[www.superspoof.com/news/mugabe.jpg]
[www.superspoof.com/email/pic06483.jpg]
[www.superspoof.com/email/eu-mock.gif]
[www.superspoof.com/email/darkstorm.jpg]
[www.superspoof.com/grog/grog_computer.gif]
[www.superspoof.com/grog/grog-hit-with-stick.gif]
[www.superspoof.com/grog/grog-no-like.gif]
[www.superspoof.com/vegas/funhouse_sm.gif]
[www.superspoof.com/blair/projector.jpg]
[www.superspoof.com/blair/milk.jpg]
[www.superspoof.com/blair/car.jpg]
[www.superspoof.com/blair/marilyn.jpg]
[www.superspoof.com/blair/book.jpg]
[www.superspoof.com/blair/chair.jpg]
[www.superspoof.com/news/blixen.jpg]
[www.superspoof.com/news/campbell2.jpg]
[www.superspoof.com/news/herb.jpg]
[www.superspoof.com/news/mayor.jpg]
[www.superspoof.com/news/manley.jpg]
[www.superspoof.com/news/mob.jpg]
[www.superspoof.com/news/fatstax.jpg]
[www.superspoof.com/grog/index-2.html]
[www.superspoof.com/blair/index-2.html]
[www.superspoof.com/news/aa.jpg]
[www.superspoof.com/news/concernedkids.jpg]
[www.superspoof.com/news/tonyblair.jpg]
[www.superspoof.com/news/drkaren.jpg]
[www.superspoof.com/news/campbell.jpg]
[www.superspoof.com/news/dad.jpg]
[www.superspoof.com/news/nomani.jpg]
[www.superspoof.com/news/enron.gif]
[www.superspoof.com/news/dollar.gif]
[www.superspoof.com/news/gijoe.jpg]
[www.superspoof.com/news/word.jpg]
[www.superspoof.com/news/faerie.jpg]
